V3 3
FL C:/Users/comeng/Desktop/1102/NEW_PRO/ipcore_dir/test_mem.vhd 2017/11/21.15:12:18 O.87xd
EN work/test_mem 1511252290 \
      FL C:/Users/comeng/Desktop/1102/NEW_PRO/ipcore_dir/test_mem.vhd \
      PB ieee/std_logic_1164 1325952872
AR work/test_mem/test_mem_a 1511252291 \
      FL C:/Users/comeng/Desktop/1102/NEW_PRO/ipcore_dir/test_mem.vhd \
      EN work/test_mem 1511252290
